<div>Simple text containing an embedded image</div>
<dl class="image-left captioned">
 <dt>
  <a href="xyzzy" class="link"><img height="144" src="[url for 104ede98d4c7c8eaeaa3b984f7395979]" width="120" alt="image 104ede98d4c7c8eaeaa3b984f7395979"/></a>
 </dt>
 <dd class="image-caption" style="width:120px">
  Test image caption
 </dd>
</div>
