<div>Simple text containing an embedded image</div>
<dl class="image-left captioned">
  <dt><img height="144" src="[url for 104ede98d4c7c8eaeaa3b984f7395979]" width="120" alt="image 104ede98d4c7c8eaeaa3b984f7395979"/>
  </dt>
  <dd class="image-caption" style="width:120px">Test image caption</dd>
</dl>
<dl class="image-left captioned">
  <dt><img height="144" src="[url for 104ede98d4c7c8eaeaa3b984f7395979]/image_thumb" width="20" alt="image 104ede98d4c7c8eaeaa3b984f7395979"/>
  </dt>
  <dd class="image-caption" style="width:20px">Test image caption</dd>
</dl>
<dl class="image-left captioned">
  <dt><img height="144" src="[url for 104ede98d4c7c8eaeaa3b984f7395979]" width="600" alt="image 104ede98d4c7c8eaeaa3b984f7395979"/>
  </dt>
  <dd class="image-caption" style="width:600px">Test image caption</dd>
</dl>
